Microchip MPLAB XC8 Compiler V2.31

Linker command line:

-W-3 --edf=C:\Program Files\Microchip\xc8\v2.31\pic\dat\en_msgs.txt -cn \
  -h+dist/default/production\AlcSens.X.production.sym \
  --cmf=dist/default/production\AlcSens.X.production.cmf -z -Q16F18326 \
  -oC:\Users\ysuga\AppData\Local\Temp\smm4.2 --defsym=__MPLAB_BUILD=1 \
  -Mdist/default/production/AlcSens.X.production.map -E1 -ver=XC8 Compiler \
  --acfsm=1493 -ASTACK=02140h-027EFh -pstack=STACK -ACODE=00h-07FFhx8 \
  -ASTRCODE=00h-03FFFh -ASTRING=00h-0FFhx64 -ACONST=00h-0FFhx64 \
  -AENTRY=00h-0FFhx64 -ACOMMON=070h-07Fh -ABANK0=020h-06Fh \
  -ABANK1=0A0h-0EFh -ABANK2=0120h-016Fh -ABANK3=01A0h-01EFh \
  -ABANK4=0220h-026Fh -ABANK5=02A0h-02EFh -ABANK6=0320h-036Fh \
  -ABANK7=03A0h-03EFh -ABANK8=0420h-046Fh -ABANK9=04A0h-04EFh \
  -ABANK10=0520h-056Fh -ABANK11=05A0h-05EFh -ABANK12=0620h-066Fh \
  -ABANK13=06A0h-06EFh -ABANK14=0720h-076Fh -ABANK15=07A0h-07EFh \
  -ABANK16=0820h-086Fh -ABANK17=08A0h-08EFh -ABANK18=0920h-096Fh \
  -ABANK19=09A0h-09EFh -ABANK20=0A20h-0A6Fh -ABANK21=0AA0h-0AEFh \
  -ABANK22=0B20h-0B6Fh -ABANK23=0BA0h-0BEFh -ABANK24=0C20h-0C6Fh \
  -ABANK25=0CA0h-0CBFh -ABIGRAM=02000h-027EFh \
  -ARAM=020h-06Fh,0A0h-0EFh,0120h-016Fh,01A0h-01EFh,0220h-026Fh,02A0h-02EFh,0320h-036Fh,03A0h-03EFh,0420h-046Fh,04A0h-04EFh,0520h-056Fh,05A0h-05EFh,0620h-066Fh,06A0h-06EFh,0720h-076Fh,07A0h-07EFh,0820h-086Fh,08A0h-08EFh,0920h-096Fh,09A0h-09EFh,0A20h-0A6Fh,0AA0h-0AEFh,0B20h-0B6Fh,0BA0h-0BEFh,0C20h-0C6Fh,0CA0h-0CBFh \
  -AABS1=020h-07Fh,0A0h-0EFh,0120h-016Fh,01A0h-01EFh,0220h-026Fh,02A0h-02EFh,0320h-036Fh,03A0h-03EFh,0420h-046Fh,04A0h-04EFh,0520h-056Fh,05A0h-05EFh,0620h-066Fh,06A0h-06EFh,0720h-076Fh,07A0h-07EFh,0820h-086Fh,08A0h-08EFh,0920h-096Fh,09A0h-09EFh,0A20h-0A6Fh,0AA0h-0AEFh,0B20h-0B6Fh,0BA0h-0BEFh,0C20h-0C6Fh,0CA0h-0CBFh \
  -ASFR0=00h-01Fh -ASFR1=080h-09Fh -ASFR2=0100h-011Fh -ASFR3=0180h-019Fh \
  -ASFR4=0200h-021Fh -ASFR5=0280h-029Fh -ASFR6=0300h-031Fh \
  -ASFR7=0380h-039Fh -ASFR8=0400h-041Fh -ASFR9=0480h-049Fh \
  -ASFR10=0500h-051Fh -ASFR11=0580h-059Fh -ASFR12=0600h-061Fh \
  -ASFR13=0680h-069Fh -ASFR14=0700h-071Fh -ASFR15=0780h-079Fh \
  -ASFR16=0800h-081Fh -ASFR17=0880h-089Fh -ASFR18=0900h-091Fh \
  -ASFR19=0980h-099Fh -ASFR20=0A00h-0A1Fh -ASFR21=0A80h-0A9Fh \
  -ASFR22=0B00h-0B1Fh -ASFR23=0B80h-0B9Fh -ASFR24=0C00h-0C1Fh \
  -ASFR25=0C80h-0C9Fh -ASFR26=0D00h-0D6Fh -ASFR27=0D80h-0DEFh \
  -ASFR28=0E00h-0E6Fh -ASFR29=0E80h-0EEFh -ASFR30=0F00h-0F6Fh \
  -ASFR31=0F80h-0FEFh -ACONFIG=08007h-0800Ah -DCONFIG=2 \
  -AIDLOC=08000h-08003h -DIDLOC=2 -AEEDATA=00h-0FFh/0F000h \
  -peeprom_data=EEDATA -DEEDATA=2 -DCODE=2 -DSTRCODE=2 -DSTRING=2 -DCONST=2 \
  -DENTRY=2 -preset_vec=00h,intentry,init,end_init -ppowerup=CODE \
  -pcinit=CODE -pfunctab=ENTRY -k C:\Users\ysuga\AppData\Local\Temp\smm4.o \
  dist/default/production\AlcSens.X.production.o 

Object code version is 3.11

Machine type is 16F18326



                Name                               Link     Load   Length Selector   Space Scale
C:\Users\ysuga\AppData\Local\Temp\smm4.o
                end_init                              2        2        2        0       0
                reset_vec                             0        0        2        0       0
                config                             8007     8007        4        0       4
                idloc                              8000     8000        4        0       5
dist/default/production\AlcSens.X.production.o
                cinit                               7E8      7E8       18      FD0       0
                config                             8007     8007        4        0       4
                idloc                              8000     8000        4        0       5
                text48                             1AEC     1AEC       1A     35D8       0
                text47                             1A6B     1A6B        9     34D6       0
                text46                             1A4B     1A4B        6     3496       0
                text45                             1A51     1A51        6     34A2       0
                text44                             1A57     1A57        6     34AE       0
                text43                             1000     1000       22     19E4       0
                text42                             1A74     1A74        9     34E8       0
                text41                             1BDE     1BDE       25     37BC       0
                text40                             1A63     1A63        8     34C6       0
                text39                             1A47     1A47        4     348E       0
                text38                             1A92     1A92       13     3524       0
                text37                                4        4       AC        0       0
                text36                             1A7D     1A7D        A     34FA       0
                text35                             1AA5     1AA5       17     354A       0
                text34                             1B3A     1B3A       1F     3674       0
                text33                             1ABC     1ABC       18     3578       0
                text32                             1B79     1B79       21     36F2       0
                text31                             1F51     1F51       AF     3EA2       0
                text30                             1282     1282      101     2504       0
                text29                             10AD     10AD       EA     215A       0
                text28                             1B06     1B06       1A     360C       0
                text27                              802      802        1     1004       0
                text26                             1D51     1D51       56     3AA2       0
                text25                             1C28     1C28       29     3850       0
                text24                             1B20     1B20       1A     3640       0
                text23                              803      803       59     1006       0
                text22                             14DC     14DC      170     29B8       0
                text21                             1DFF     1DFF       5F     3BFE       0
                text20                             1CFE     1CFE       53     39FC       0
                text19                             164C     164C      1B4     2C98       0
                text18                             1CB0     1CB0       4E     3960       0
                text17                             1022     1022       8B     2044       0
                text16                             1BBB     1BBB       23     3776       0
                text15                              A9B      A9B      257     1536       0
                text14                             1A87     1A87        B     350E       0
                text13                              85C      85C      23F     10B8       0
                text12                             1B59     1B59       20     36B2       0
                text11                             1E5E     1E5E       74     3CBC       0
                text10                             1ED2     1ED2       7F     3DA4       0
                text9                              1197     1197       EB     232E       0
                text8                              1B9A     1B9A       21     3734       0
                text7                              1AD4     1AD4       18     35A8       0
                text6                              1C03     1C03       25     3806       0
                text5                                B0       B0      738      160       0
                text4                              1DA7     1DA7       58     3B4E       0
                text3                               CF2      CF2      30E     19E4       0
                text2                              1C7B     1C7B       35     38F6       0
                text1                              1C51     1C51       2A     38A2       0
                maintext                           1383     1383      159     2706       0
                cstackBANK0                          20       20       50       20       1
                cstackCOMMON                         70       70        E       70       1
                cstackBANK1                          A0       A0       4C       A0       1
                cstackBANK2                         120      120       31      120       1
                clrtext                            1A5D     1A5D        6     34BA       0
                bssBANK3                            1A0      1A0       50      1A0       1
                bssBANK2                            151      151        F      120       1
                bssBANK1                             EC       EC        4       A0       1
                stringtext8                        2034     2034        3     4000       0
                stringtext7                        2030     2030        4     4000       0
                stringtext6                        202C     202C        4     4000       0
                stringtext5                        2028     2028        4     4000       0
                stringtext4                        2024     2024        4     4000       0
                stringtext3                        2018     2018        C     4000       0
                stringtext2                        2000     2000       18     4000       0
                nvBANK2                             160      160        6      120       1
                stringtext1                        1800     1800      150     3000       0

TOTAL           Name                               Link     Load   Length     Space
        CLASS   STACK          

        CLASS   CODE           
                end_init                              2        2        2         0
                cinit                               7E8      7E8       18         0
                reset_vec                             0        0        2         0
                text48                             1AEC     1AEC       1A         0
                text47                             1A6B     1A6B        9         0
                text46                             1A4B     1A4B        6         0
                text45                             1A51     1A51        6         0
                text44                             1A57     1A57        6         0
                text43                             1000     1000       22         0
                text42                             1A74     1A74        9         0
                text41                             1BDE     1BDE       25         0
                text40                             1A63     1A63        8         0
                text39                             1A47     1A47        4         0
                text38                             1A92     1A92       13         0
                text37                                4        4       AC         0
                text36                             1A7D     1A7D        A         0
                text35                             1AA5     1AA5       17         0
                text34                             1B3A     1B3A       1F         0
                text33                             1ABC     1ABC       18         0
                text32                             1B79     1B79       21         0
                text31                             1F51     1F51       AF         0
                text30                             1282     1282      101         0
                text29                             10AD     10AD       EA         0
                text28                             1B06     1B06       1A         0
                text27                              802      802        1         0
                text26                             1D51     1D51       56         0
                text25                             1C28     1C28       29         0
                text24                             1B20     1B20       1A         0
                text23                              803      803       59         0
                text22                             14DC     14DC      170         0
                text21                             1DFF     1DFF       5F         0
                text20                             1CFE     1CFE       53         0
                text19                             164C     164C      1B4         0
                text18                             1CB0     1CB0       4E         0
                text17                             1022     1022       8B         0
                text16                             1BBB     1BBB       23         0
                text15                              A9B      A9B      257         0
                text14                             1A87     1A87        B         0
                text13                              85C      85C      23F         0
                text12                             1B59     1B59       20         0
                text11                             1E5E     1E5E       74         0
                text10                             1ED2     1ED2       7F         0
                text9                              1197     1197       EB         0
                text8                              1B9A     1B9A       21         0
                text7                              1AD4     1AD4       18         0
                text6                              1C03     1C03       25         0
                text5                                B0       B0      738         0
                text4                              1DA7     1DA7       58         0
                text3                               CF2      CF2      30E         0
                text2                              1C7B     1C7B       35         0
                text1                              1C51     1C51       2A         0
                maintext                           1383     1383      159         0
                clrtext                            1A5D     1A5D        6         0

        CLASS   STRCODE        
                stringtext8                        2034     2034        3         0
                stringtext7                        2030     2030        4         0
                stringtext6                        202C     202C        4         0
                stringtext5                        2028     2028        4         0
                stringtext4                        2024     2024        4         0
                stringtext3                        2018     2018        C         0
                stringtext2                        2000     2000       18         0
                stringtext1                        1800     1800      150         0

        CLASS   STRING         

        CLASS   CONST          

        CLASS   ENTRY          

        CLASS   COMMON         
                cstackCOMMON                         70       70        E         1

        CLASS   BANK0          
                cstackBANK0                          20       20       50         1

        CLASS   BANK1          
                cstackBANK1                          A0       A0       4C         1
                bssBANK1                             EC       EC        4         1

        CLASS   BANK2          
                cstackBANK2                         120      120       31         1
                bssBANK2                            151      151        F         1
                nvBANK2                             160      160        6         1

        CLASS   BANK3          
                bssBANK3                            1A0      1A0       50         1

        CLASS   BANK4          

        CLASS   BANK5          

        CLASS   BANK6          

        CLASS   BANK7          

        CLASS   BANK8          

        CLASS   BANK9          

        CLASS   BANK10         

        CLASS   BANK11         

        CLASS   BANK12         

        CLASS   BANK13         

        CLASS   BANK14         

        CLASS   BANK15         

        CLASS   BANK16         

        CLASS   BANK17         

        CLASS   BANK18         

        CLASS   BANK19         

        CLASS   BANK20         

        CLASS   BANK21         

        CLASS   BANK22         

        CLASS   BANK23         

        CLASS   BANK24         

        CLASS   BANK25         

        CLASS   BIGRAM         

        CLASS   RAM            

        CLASS   ABS1           
                abs_s1                               7E       7E        2         1

        CLASS   SFR0           

        CLASS   SFR1           

        CLASS   SFR2           

        CLASS   SFR3           

        CLASS   SFR4           

        CLASS   SFR5           

        CLASS   SFR6           

        CLASS   SFR7           

        CLASS   SFR8           

        CLASS   SFR9           

        CLASS   SFR10          

        CLASS   SFR11          

        CLASS   SFR12          

        CLASS   SFR13          

        CLASS   SFR14          

        CLASS   SFR15          

        CLASS   SFR16          

        CLASS   SFR17          

        CLASS   SFR18          

        CLASS   SFR19          

        CLASS   SFR20          

        CLASS   SFR21          

        CLASS   SFR22          

        CLASS   SFR23          

        CLASS   SFR24          

        CLASS   SFR25          

        CLASS   SFR26          

        CLASS   SFR27          

        CLASS   SFR28          

        CLASS   SFR29          

        CLASS   SFR30          

        CLASS   SFR31          

        CLASS   CONFIG         
                config                             8007     8007        4         4

        CLASS   IDLOC          
                idloc                              8000     8000        4         5

        CLASS   EEDATA         

        CLASS   BANK31         

        CLASS   BANK30         

        CLASS   BANK29         

        CLASS   BANK28         

        CLASS   BANK27         

        CLASS   BANK26         



SEGMENTS        Name                           Load    Length   Top    Selector   Space  Class     Delta

                reset_vec                      000000  0000B0  0000B0         0       0  CODE        2
                cstackBANK0                    000020  000050  000070        20       1  BANK0       1
                cstackCOMMON                   000070  00000E  00007E        70       1  COMMON      1
                cstackBANK1                    0000A0  000050  0000F0        A0       1  BANK1       1
                cstackBANK2                    000120  000046  000166       120       1  BANK2       1
                text5                          0000B0  000738  0007E8       160       0  CODE        2
                bssBANK3                       0001A0  000050  0001F0       1A0       1  BANK3       1
                cinit                          0007E8  000018  000800       FD0       0  CODE        2
                text27                         000802  000001  000803      1004       0  CODE        2
                text23                         000803  000059  00085C      1006       0  CODE        2
                text13                         00085C  00023F  000A9B      10B8       0  CODE        2
                text15                         000A9B  000257  000CF2      1536       0  CODE        2
                text3                          000CF2  000330  001022      19E4       0  CODE        2
                text17                         001022  00008B  0010AD      2044       0  CODE        2
                text29                         0010AD  0000EA  001197      215A       0  CODE        2
                text9                          001197  0000EB  001282      232E       0  CODE        2
                text30                         001282  000101  001383      2504       0  CODE        2
                maintext                       001383  000159  0014DC      2706       0  CODE        2
                text22                         0014DC  000170  00164C      29B8       0  CODE        2
                text19                         00164C  0001B4  001800      2C98       0  CODE        2
                stringtext1                    001800  000150  001950      3000       0  STRCODE     2
                text39                         001A47  000004  001A4B      348E       0  CODE        2
                text46                         001A4B  000006  001A51      3496       0  CODE        2
                text45                         001A51  000006  001A57      34A2       0  CODE        2
                text44                         001A57  000006  001A5D      34AE       0  CODE        2
                clrtext                        001A5D  000006  001A63      34BA       0  CODE        2
                text40                         001A63  000008  001A6B      34C6       0  CODE        2
                text47                         001A6B  000009  001A74      34D6       0  CODE        2
                text42                         001A74  000009  001A7D      34E8       0  CODE        2
                text36                         001A7D  00000A  001A87      34FA       0  CODE        2
                text14                         001A87  00000B  001A92      350E       0  CODE        2
                text38                         001A92  000013  001AA5      3524       0  CODE        2
                text35                         001AA5  000017  001ABC      354A       0  CODE        2
                text33                         001ABC  000018  001AD4      3578       0  CODE        2
                text7                          001AD4  000018  001AEC      35A8       0  CODE        2
                text48                         001AEC  00001A  001B06      35D8       0  CODE        2
                text28                         001B06  00001A  001B20      360C       0  CODE        2
                text24                         001B20  00001A  001B3A      3640       0  CODE        2
                text34                         001B3A  00001F  001B59      3674       0  CODE        2
                text12                         001B59  000020  001B79      36B2       0  CODE        2
                text32                         001B79  000021  001B9A      36F2       0  CODE        2
                text8                          001B9A  000021  001BBB      3734       0  CODE        2
                text16                         001BBB  000023  001BDE      3776       0  CODE        2
                text41                         001BDE  000025  001C03      37BC       0  CODE        2
                text6                          001C03  000025  001C28      3806       0  CODE        2
                text25                         001C28  000029  001C51      3850       0  CODE        2
                text1                          001C51  00002A  001C7B      38A2       0  CODE        2
                text2                          001C7B  000035  001CB0      38F6       0  CODE        2
                text18                         001CB0  00004E  001CFE      3960       0  CODE        2
                text20                         001CFE  000053  001D51      39FC       0  CODE        2
                text26                         001D51  000056  001DA7      3AA2       0  CODE        2
                text4                          001DA7  000058  001DFF      3B4E       0  CODE        2
                text21                         001DFF  00005F  001E5E      3BFE       0  CODE        2
                text11                         001E5E  000074  001ED2      3CBC       0  CODE        2
                text10                         001ED2  00007F  001F51      3DA4       0  CODE        2
                text31                         001F51  0000AF  002000      3EA2       0  CODE        2
                stringtext2                    002000  000037  002037      4000       0  STRCODE     2


UNUSED ADDRESS RANGES

        Name                Unused          Largest block    Delta
        BANK10           00520-0056F              50           1
        BANK11           005A0-005EF              50           1
        BANK12           00620-0066F              50           1
        BANK13           006A0-006EF              50           1
        BANK14           00720-0076F              50           1
        BANK15           007A0-007EF              50           1
        BANK16           00820-0086F              50           1
        BANK17           008A0-008EF              50           1
        BANK18           00920-0096F              50           1
        BANK19           009A0-009EF              50           1
        BANK2            00166-0016F               A           1
        BANK20           00A20-00A6F              50           1
        BANK21           00AA0-00AEF              50           1
        BANK22           00B20-00B6F              50           1
        BANK23           00BA0-00BEF              50           1
        BANK24           00C20-00C6F              50           1
        BANK25           00CA0-00CBF              20           1
        BANK4            00220-0026F              50           1
        BANK5            002A0-002EF              50           1
        BANK6            00320-0036F              50           1
        BANK7            003A0-003EF              50           1
        BANK8            00420-0046F              50           1
        BANK9            004A0-004EF              50           1
        BIGRAM           02000-027EF             7F0           1
        CODE             00800-00801               2           2
                         01950-01A46              F7
                         02037-03FFF             800
        CONST            00800-00801               2           2
                         01950-01A46              B0
                         02037-03FFF             100
        EEDATA           0F000-0F0FF             100           2
        ENTRY            00800-00801               2           2
                         01950-01A46              B0
                         02037-03FFF             100
        RAM              00166-0016F               A           1
                         00220-0026F              50
                         002A0-002EF              50
                         00320-0036F              50
                         003A0-003EF              50
                         00420-0046F              50
                         004A0-004EF              50
                         00520-0056F              50
                         005A0-005EF              50
                         00620-0066F              50
                         006A0-006EF              50
                         00720-0076F              50
                         007A0-007EF              50
                         00820-0086F              50
                         008A0-008EF              50
                         00920-0096F              50
                         009A0-009EF              50
                         00A20-00A6F              50
                         00AA0-00AEF              50
                         00B20-00B6F              50
                         00BA0-00BEF              50
                         00C20-00C6F              50
                         00CA0-00CBF              20
        SFR0             00000-0001F              20           1
        SFR1             00080-0009F              20           1
        SFR10            00500-0051F              20           1
        SFR11            00580-0059F              20           1
        SFR12            00600-0061F              20           1
        SFR13            00680-0069F              20           1
        SFR14            00700-0071F              20           1
        SFR15            00780-0079F              20           1
        SFR16            00800-0081F              20           1
        SFR17            00880-0089F              20           1
        SFR18            00900-0091F              20           1
        SFR19            00980-0099F              20           1
        SFR2             00100-0011F              20           1
        SFR20            00A00-00A1F              20           1
        SFR21            00A80-00A9F              20           1
        SFR22            00B00-00B1F              20           1
        SFR23            00B80-00B9F              20           1
        SFR24            00C00-00C1F              20           1
        SFR25            00C80-00C9F              20           1
        SFR26            00D00-00D6F              70           1
        SFR27            00D80-00DEF              70           1
        SFR28            00E00-00E6F              70           1
        SFR29            00E80-00EEF              70           1
        SFR3             00180-0019F              20           1
        SFR30            00F00-00F6F              70           1
        SFR31            00F80-00FEF              70           1
        SFR4             00200-0021F              20           1
        SFR5             00280-0029F              20           1
        SFR6             00300-0031F              20           1
        SFR7             00380-0039F              20           1
        SFR8             00400-0041F              20           1
        SFR9             00480-0049F              20           1
        STACK            02140-027EF             6B0           1
        STRCODE          00800-00801               2           2
                         01950-01A46              F7
                         02037-03FFF            1FC9
        STRING           00800-00801               2           2
                         01950-01A46              B0
                         02037-03FFF             100

                                  Symbol Table

?_ADC_GetConversion                            cstackCOMMON 00070
?__Umul8_16                                    cstackCOMMON 00070
?___aodiv                                      cstackBANK0  00020
?___aomod                                      cstackBANK0  00020
?___awdiv                                      cstackCOMMON 00070
?___awmod                                      cstackCOMMON 00070
?___fladd                                      cstackCOMMON 00070
?___fldiv                                      cstackCOMMON 00070
?___flmul                                      cstackBANK0  00020
?___flneg                                      cstackCOMMON 00070
?___flsub                                      cstackBANK0  0003A
?___fltol                                      cstackCOMMON 00070
?___fpclassifyf                                cstackCOMMON 00070
?___wmul                                       cstackCOMMON 00070
?___xxtofl                                     cstackCOMMON 00070
?_abs                                          cstackCOMMON 00073
?_atoi                                         cstackCOMMON 00076
?_dtoa                                         cstackBANK0  00030
?_efgtoa                                       cstackBANK0  00046
?_floorf                                       cstackBANK0  0002D
?_isdigit                                      cstackCOMMON 00070
?_isspace                                      cstackCOMMON 00070
?_isupper                                      cstackCOMMON 00070
?_pad                                          cstackBANK0  00024
?_sprintf                                      cstackBANK1  000DF
?_strlen                                       cstackCOMMON 00070
?_strncmp                                      cstackCOMMON 00070
?_tolower                                      cstackCOMMON 00076
?_vfpfcnvrt                                    cstackBANK0  0004F
?_vfprintf                                     cstackBANK1  000D9
ADC_GetConversion@channel                      cstackCOMMON 00073
EUSART_SetErrorHandler@interruptHandler        cstackCOMMON 00070
EUSART_SetFramingErrorHandler@interruptHandler cstackCOMMON 00070
EUSART_SetOverrunErrorHandler@interruptHandler cstackCOMMON 00070
EUSART_Write@txData                            cstackCOMMON 00070
_ADACT                                         (abs)        0009F
_ADCON0                                        (abs)        0009D
_ADCON0bits                                    (abs)        0009D
_ADCON1                                        (abs)        0009E
_ADC_GetConversion                             text48       01AEC
_ADC_Initialize                                text47       01A6B
_ADRESH                                        (abs)        0009C
_ADRESL                                        (abs)        0009B
_ANSELA                                        (abs)        0018C
_ANSELC                                        (abs)        0018E
_BAUD1CON                                      (abs)        0019F
_EUSART_DefaultErrorHandler                    (abs)        00000
_EUSART_DefaultFramingErrorHandler             (abs)        00000
_EUSART_DefaultOverrunErrorHandler             (abs)        00000
_EUSART_ErrorHandler                           nvBANK2      00160
_EUSART_FramingErrorHandler                    nvBANK2      00164
_EUSART_Initialize                             text43       01000
_EUSART_OverrunErrorHandler                    nvBANK2      00162
_EUSART_SetErrorHandler                        text46       01A4B
_EUSART_SetFramingErrorHandler                 text45       01A51
_EUSART_SetOverrunErrorHandler                 text44       01A57
_EUSART_Write                                  text36       01A7D
_INLVLA                                        (abs)        0038C
_INLVLC                                        (abs)        0038E
_LATA                                          (abs)        0010C
_LATC                                          (abs)        0010E
_LATCbits                                      (abs)        0010E
_ODCONA                                        (abs)        0028C
_ODCONC                                        (abs)        0028E
_OSCCON1                                       (abs)        00919
_OSCCON3                                       (abs)        0091B
_OSCEN                                         (abs)        0091D
_OSCFRQ                                        (abs)        0091F
_OSCILLATOR_Initialize                         text42       01A74
_OSCTUNE                                       (abs)        0091E
_PIN_MANAGER_Initialize                        text41       01BDE
_PIR1bits                                      (abs)        00011
_PMD0                                          (abs)        00911
_PMD1                                          (abs)        00912
_PMD2                                          (abs)        00913
_PMD3                                          (abs)        00914
_PMD4                                          (abs)        00915
_PMD5                                          (abs)        00916
_PMD_Initialize                                text40       01A63
_RC1REG                                        (abs)        00199
_RC1STA                                        (abs)        0019D
_RC1STAbits                                    (abs)        0019D
_RC4PPS                                        (abs)        00EA4
_RXPPS                                         (abs)        00E24
_SLRCONA                                       (abs)        0030C
_SLRCONC                                       (abs)        0030E
_SP1BRGH                                       (abs)        0019C
_SP1BRGL                                       (abs)        0019B
_SYSTEM_Initialize                             text38       01A92
_TRISA                                         (abs)        0008C
_TRISC                                         (abs)        0008E
_TX1REG                                        (abs)        0019A
_TX1STA                                        (abs)        0019E
_TX1STAbits                                    (abs)        0019E
_WDTCON                                        (abs)        00097
_WDT_Initialize                                text39       01A47
_WPUA                                          (abs)        0020C
_WPUC                                          (abs)        0020E
__Habs1                                        abs1         00000
__Hbank0                                       bank0        00000
__Hbank1                                       bank1        00000
__Hbank10                                      bank10       00000
__Hbank11                                      bank11       00000
__Hbank12                                      bank12       00000
__Hbank13                                      bank13       00000
__Hbank14                                      bank14       00000
__Hbank15                                      bank15       00000
__Hbank16                                      bank16       00000
__Hbank17                                      bank17       00000
__Hbank18                                      bank18       00000
__Hbank19                                      bank19       00000
__Hbank2                                       bank2        00000
__Hbank20                                      bank20       00000
__Hbank21                                      bank21       00000
__Hbank22                                      bank22       00000
__Hbank23                                      bank23       00000
__Hbank24                                      bank24       00000
__Hbank25                                      bank25       00000
__Hbank26                                      bank26       00000
__Hbank27                                      bank27       00000
__Hbank28                                      bank28       00000
__Hbank29                                      bank29       00000
__Hbank3                                       bank3        00000
__Hbank30                                      bank30       00000
__Hbank31                                      bank31       00000
__Hbank4                                       bank4        00000
__Hbank5                                       bank5        00000
__Hbank6                                       bank6        00000
__Hbank7                                       bank7        00000
__Hbank8                                       bank8        00000
__Hbank9                                       bank9        00000
__Hbigram                                      bigram       00000
__HbssBANK1                                    bssBANK1     00000
__HbssBANK2                                    bssBANK2     00000
__HbssBANK3                                    bssBANK3     00000
__Hcinit                                       cinit        00800
__Hclrtext                                     clrtext      00000
__Hcode                                        code         00000
__Hcommon                                      common       00000
__Hconfig                                      config       0800B
__HcstackBANK0                                 cstackBANK0  00000
__HcstackBANK1                                 cstackBANK1  00000
__HcstackBANK2                                 cstackBANK2  00000
__HcstackCOMMON                                cstackCOMMON 00000
__Heeprom_data                                 eeprom_data  00000
__Hend_init                                    end_init     00004
__Hfunctab                                     functab      00000
__Hidloc                                       idloc        08004
__Hinit                                        init         00002
__Hintentry                                    intentry     00002
__Hmaintext                                    maintext     00000
__HnvBANK2                                     nvBANK2      00000
__Hpowerup                                     powerup      00000
__Hram                                         ram          00000
__Hreset_vec                                   reset_vec    00002
__Hsfr0                                        sfr0         00000
__Hsfr1                                        sfr1         00000
__Hsfr10                                       sfr10        00000
__Hsfr11                                       sfr11        00000
__Hsfr12                                       sfr12        00000
__Hsfr13                                       sfr13        00000
__Hsfr14                                       sfr14        00000
__Hsfr15                                       sfr15        00000
__Hsfr16                                       sfr16        00000
__Hsfr17                                       sfr17        00000
__Hsfr18                                       sfr18        00000
__Hsfr19                                       sfr19        00000
__Hsfr2                                        sfr2         00000
__Hsfr20                                       sfr20        00000
__Hsfr21                                       sfr21        00000
__Hsfr22                                       sfr22        00000
__Hsfr23                                       sfr23        00000
__Hsfr24                                       sfr24        00000
__Hsfr25                                       sfr25        00000
__Hsfr26                                       sfr26        00000
__Hsfr27                                       sfr27        00000
__Hsfr28                                       sfr28        00000
__Hsfr29                                       sfr29        00000
__Hsfr3                                        sfr3         00000
__Hsfr30                                       sfr30        00000
__Hsfr31                                       sfr31        00000
__Hsfr4                                        sfr4         00000
__Hsfr5                                        sfr5         00000
__Hsfr6                                        sfr6         00000
__Hsfr7                                        sfr7         00000
__Hsfr8                                        sfr8         00000
__Hsfr9                                        sfr9         00000
__Hspace_0                                     (abs)        02037
__Hspace_1                                     (abs)        001F0
__Hspace_2                                     (abs)        00000
__Hspace_3                                     (abs)        00000
__Hspace_4                                     (abs)        10012
__Hstack                                       stack        00000
__Hstrings                                     strings      00000
__Hstringtext1                                 stringtext1  00000
__Hstringtext2                                 stringtext2  00000
__Hstringtext3                                 stringtext3  00000
__Hstringtext4                                 stringtext4  00000
__Hstringtext5                                 stringtext5  00000
__Hstringtext6                                 stringtext6  00000
__Hstringtext7                                 stringtext7  00000
__Hstringtext8                                 stringtext8  00000
__Hstringtext9                                 stringtext9  00000
__Htext                                        text         00000
__Labs1                                        abs1         00000
__Lbank0                                       bank0        00000
__Lbank1                                       bank1        00000
__Lbank10                                      bank10       00000
__Lbank11                                      bank11       00000
__Lbank12                                      bank12       00000
__Lbank13                                      bank13       00000
__Lbank14                                      bank14       00000
__Lbank15                                      bank15       00000
__Lbank16                                      bank16       00000
__Lbank17                                      bank17       00000
__Lbank18                                      bank18       00000
__Lbank19                                      bank19       00000
__Lbank2                                       bank2        00000
__Lbank20                                      bank20       00000
__Lbank21                                      bank21       00000
__Lbank22                                      bank22       00000
__Lbank23                                      bank23       00000
__Lbank24                                      bank24       00000
__Lbank25                                      bank25       00000
__Lbank26                                      bank26       00000
__Lbank27                                      bank27       00000
__Lbank28                                      bank28       00000
__Lbank29                                      bank29       00000
__Lbank3                                       bank3        00000
__Lbank30                                      bank30       00000
__Lbank31                                      bank31       00000
__Lbank4                                       bank4        00000
__Lbank5                                       bank5        00000
__Lbank6                                       bank6        00000
__Lbank7                                       bank7        00000
__Lbank8                                       bank8        00000
__Lbank9                                       bank9        00000
__Lbigram                                      bigram       00000
__LbssBANK1                                    bssBANK1     00000
__LbssBANK2                                    bssBANK2     00000
__LbssBANK3                                    bssBANK3     00000
__Lcinit                                       cinit        007E8
__Lclrtext                                     clrtext      00000
__Lcode                                        code         00000
__Lcommon                                      common       00000
__Lconfig                                      config       00000
__LcstackBANK0                                 cstackBANK0  00000
__LcstackBANK1                                 cstackBANK1  00000
__LcstackBANK2                                 cstackBANK2  00000
__LcstackCOMMON                                cstackCOMMON 00000
__Leeprom_data                                 eeprom_data  00000
__Lend_init                                    end_init     00002
__Lfunctab                                     functab      00000
__Lidloc                                       idloc        00000
__Linit                                        init         00002
__Lintentry                                    intentry     00002
__Lmaintext                                    maintext     00000
__LnvBANK2                                     nvBANK2      00000
__Lpowerup                                     powerup      00000
__Lram                                         ram          00000
__Lreset_vec                                   reset_vec    00000
__Lsfr0                                        sfr0         00000
__Lsfr1                                        sfr1         00000
__Lsfr10                                       sfr10        00000
__Lsfr11                                       sfr11        00000
__Lsfr12                                       sfr12        00000
__Lsfr13                                       sfr13        00000
__Lsfr14                                       sfr14        00000
__Lsfr15                                       sfr15        00000
__Lsfr16                                       sfr16        00000
__Lsfr17                                       sfr17        00000
__Lsfr18                                       sfr18        00000
__Lsfr19                                       sfr19        00000
__Lsfr2                                        sfr2         00000
__Lsfr20                                       sfr20        00000
__Lsfr21                                       sfr21        00000
__Lsfr22                                       sfr22        00000
__Lsfr23                                       sfr23        00000
__Lsfr24                                       sfr24        00000
__Lsfr25                                       sfr25        00000
__Lsfr26                                       sfr26        00000
__Lsfr27                                       sfr27        00000
__Lsfr28                                       sfr28        00000
__Lsfr29                                       sfr29        00000
__Lsfr3                                        sfr3         00000
__Lsfr30                                       sfr30        00000
__Lsfr31                                       sfr31        00000
__Lsfr4                                        sfr4         00000
__Lsfr5                                        sfr5         00000
__Lsfr6                                        sfr6         00000
__Lsfr7                                        sfr7         00000
__Lsfr8                                        sfr8         00000
__Lsfr9                                        sfr9         00000
__Lspace_0                                     (abs)        00000
__Lspace_1                                     (abs)        00000
__Lspace_2                                     (abs)        00000
__Lspace_3                                     (abs)        00000
__Lspace_4                                     (abs)        00000
__Lstack                                       stack        00000
__Lstrings                                     strings      00000
__Lstringtext1                                 stringtext1  00000
__Lstringtext2                                 stringtext2  00000
__Lstringtext3                                 stringtext3  00000
__Lstringtext4                                 stringtext4  00000
__Lstringtext5                                 stringtext5  00000
__Lstringtext6                                 stringtext6  00000
__Lstringtext7                                 stringtext7  00000
__Lstringtext8                                 stringtext8  00000
__Lstringtext9                                 stringtext9  00000
__Ltext                                        text         00000
__S0                                           (abs)        02037
__S1                                           (abs)        001F0
__S2                                           (abs)        00000
__S3                                           (abs)        00000
__Umul8_16                                     text16       01BBB
__Umul8_16@multiplicand                        cstackCOMMON 00070
__Umul8_16@multiplier                          cstackCOMMON 00078
__Umul8_16@product                             cstackCOMMON 00074
__Umul8_16@word_mpld                           cstackCOMMON 00076
___aodiv                                       text30       01282
___aodiv@counter                               cstackCOMMON 00071
___aodiv@dividend                              cstackBANK0  00028
___aodiv@divisor                               cstackBANK0  00020
___aodiv@quotient                              cstackCOMMON 00073
___aodiv@sign                                  cstackCOMMON 00072
___aomod                                       text29       010AD
___aomod@counter                               cstackCOMMON 00071
___aomod@dividend                              cstackBANK0  00028
___aomod@divisor                               cstackBANK0  00020
___aomod@sign                                  cstackCOMMON 00072
___awdiv                                       text21       01DFF
___awdiv@counter                               cstackCOMMON 00075
___awdiv@dividend                              cstackCOMMON 00072
___awdiv@divisor                               cstackCOMMON 00070
___awdiv@quotient                              cstackCOMMON 00077
___awdiv@sign                                  cstackCOMMON 00076
___awmod                                       text20       01CFE
___awmod@counter                               cstackCOMMON 00075
___awmod@dividend                              cstackCOMMON 00072
___awmod@divisor                               cstackCOMMON 00070
___awmod@sign                                  cstackCOMMON 00076
___fladd                                       text13       0085C
___fladd@a                                     cstackCOMMON 00074
___fladd@aexp                                  cstackCOMMON 00079
___fladd@b                                     cstackCOMMON 00070
___fladd@bexp                                  cstackCOMMON 0007A
___fladd@grs                                   cstackCOMMON 0007B
___fladd@signs                                 cstackCOMMON 00078
___fldiv                                       text19       0164C
___fldiv@a                                     cstackCOMMON 00070
___fldiv@aexp                                  cstackBANK0  0002C
___fldiv@b                                     cstackCOMMON 00074
___fldiv@bexp                                  cstackBANK0  0002B
___fldiv@grs                                   cstackBANK0  00027
___fldiv@new_exp                               cstackBANK0  00025
___fldiv@rem                                   cstackBANK0  00020
___fldiv@sign                                  cstackBANK0  00024
___fleq                                        text18       01CB0
___fleq@ff1                                    cstackCOMMON 00070
___fleq@ff2                                    cstackCOMMON 00074
___flge                                        text17       01022
___flge@ff1                                    cstackBANK0  0003A
___flge@ff2                                    cstackBANK0  0003E
___flmul                                       text15       00A9B
___flmul@a                                     cstackBANK0  00024
___flmul@aexp                                  cstackBANK0  00032
___flmul@b                                     cstackBANK0  00020
___flmul@bexp                                  cstackBANK0  00033
___flmul@grs                                   cstackBANK0  0002E
___flmul@prod                                  cstackBANK0  00034
___flmul@sign                                  cstackBANK0  0002D
___flmul@temp                                  cstackBANK0  00038
___flneg                                       text14       01A87
___flneg@f1                                    cstackCOMMON 00070
___flsub                                       text12       01B59
___flsub@a                                     cstackBANK0  0003A
___flsub@b                                     cstackBANK0  0003E
___fltol                                       text11       01E5E
___fltol@exp1                                  cstackCOMMON 0007A
___fltol@f1                                    cstackCOMMON 00070
___fltol@sign1                                 cstackCOMMON 00079
___fpclassifyf                                 text10       01ED2
___fpclassifyf@F465                            bssBANK2     00155
___fpclassifyf@e                               cstackBANK0  00020
___fpclassifyf@u                               cstackBANK0  00022
___fpclassifyf@x                               cstackCOMMON 00070
___int_sp                                      stack        00000
___latbits                                     (abs)        00003
___sp                                          stack        00000
___stackhi                                     (abs)        027EF
___stacklo                                     (abs)        02140
___wmul                                        text34       01B3A
___wmul@multiplicand                           cstackCOMMON 00072
___wmul@multiplier                             cstackCOMMON 00070
___wmul@product                                cstackCOMMON 00074
___xxtofl                                      text37       00004
___xxtofl@arg                                  cstackCOMMON 0007A
___xxtofl@exp                                  cstackCOMMON 00079
___xxtofl@sign                                 cstackCOMMON 00078
___xxtofl@val                                  cstackCOMMON 00070
__end_of_ADC_GetConversion                     text48       01B06
__end_of_ADC_Initialize                        text47       01A74
__end_of_EUSART_Initialize                     text43       01022
__end_of_EUSART_SetErrorHandler                text46       01A51
__end_of_EUSART_SetFramingErrorHandler         text45       01A57
__end_of_EUSART_SetOverrunErrorHandler         text44       01A5D
__end_of_EUSART_Write                          text36       01A87
__end_of_OSCILLATOR_Initialize                 text42       01A7D
__end_of_PIN_MANAGER_Initialize                text41       01C03
__end_of_PMD_Initialize                        text40       01A6B
__end_of_SYSTEM_Initialize                     text38       01AA5
__end_of_WDT_Initialize                        text39       01A4B
__end_of__Umul8_16                             text16       01BDE
__end_of___aodiv                               text30       01383
__end_of___aomod                               text29       01197
__end_of___awdiv                               text21       01E5E
__end_of___awmod                               text20       01D51
__end_of___fladd                               text13       00A9B
__end_of___fldiv                               text19       01800
__end_of___fleq                                text18       01CFE
__end_of___flge                                text17       010AD
__end_of___flmul                               text15       00CF2
__end_of___flneg                               text14       01A92
__end_of___flsub                               text12       01B79
__end_of___fltol                               text11       01ED2
__end_of___fpclassifyf                         text10       01F51
__end_of___wmul                                text34       01B59
__end_of___xxtofl                              text37       000B0
__end_of__initialization                       cinit        007FD
__end_of_abs                                   text28       01B20
__end_of_atoi                                  text31       02000
__end_of_dtoa                                  text22       0164C
__end_of_efgtoa                                text5        007E8
__end_of_floorf                                text9        01282
__end_of_fputc                                 text26       01DA7
__end_of_fputs                                 text25       01C51
__end_of_isdigit                               text33       01AD4
__end_of_isspace                               text32       01B9A
__end_of_isupper                               text7        01AEC
__end_of_main                                  maintext     014DC
__end_of_pad                                   text23       0085C
__end_of_putch                                 text27       00803
__end_of_putstr                                text35       01ABC
__end_of_sprintf                               text1        01C7B
__end_of_strcpy                                text8        01BBB
__end_of_strlen                                text24       01B3A
__end_of_strncmp                               text4        01DFF
__end_of_tolower                               text6        01C28
__end_of_tvalTable                             stringtext1  01950
__end_of_vfpfcnvrt                             text3        01000
__end_of_vfprintf                              text2        01CB0
__initialization                               cinit        007E8
__pbssBANK1                                    bssBANK1     000EC
__pbssBANK2                                    bssBANK2     00151
__pbssBANK3                                    bssBANK3     001A0
__pcstackBANK0                                 cstackBANK0  00020
__pcstackBANK1                                 cstackBANK1  000A0
__pcstackBANK2                                 cstackBANK2  00120
__pcstackCOMMON                                cstackCOMMON 00070
__pmaintext                                    maintext     01383
__pnvBANK2                                     nvBANK2      00160
__pstringtext1                                 stringtext1  01800
__pstringtext2                                 stringtext2  02000
__pstringtext3                                 stringtext3  02018
__pstringtext4                                 stringtext4  02024
__pstringtext5                                 stringtext5  02028
__pstringtext6                                 stringtext6  0202C
__pstringtext7                                 stringtext7  02030
__pstringtext8                                 stringtext8  02034
__pstringtext9                                 stringtext9  00000
__ptext1                                       text1        01C51
__ptext10                                      text10       01ED2
__ptext11                                      text11       01E5E
__ptext12                                      text12       01B59
__ptext13                                      text13       0085C
__ptext14                                      text14       01A87
__ptext15                                      text15       00A9B
__ptext16                                      text16       01BBB
__ptext17                                      text17       01022
__ptext18                                      text18       01CB0
__ptext19                                      text19       0164C
__ptext2                                       text2        01C7B
__ptext20                                      text20       01CFE
__ptext21                                      text21       01DFF
__ptext22                                      text22       014DC
__ptext23                                      text23       00803
__ptext24                                      text24       01B20
__ptext25                                      text25       01C28
__ptext26                                      text26       01D51
__ptext27                                      text27       00802
__ptext28                                      text28       01B06
__ptext29                                      text29       010AD
__ptext3                                       text3        00CF2
__ptext30                                      text30       01282
__ptext31                                      text31       01F51
__ptext32                                      text32       01B79
__ptext33                                      text33       01ABC
__ptext34                                      text34       01B3A
__ptext35                                      text35       01AA5
__ptext36                                      text36       01A7D
__ptext37                                      text37       00004
__ptext38                                      text38       01A92
__ptext39                                      text39       01A47
__ptext4                                       text4        01DA7
__ptext40                                      text40       01A63
__ptext41                                      text41       01BDE
__ptext42                                      text42       01A74
__ptext43                                      text43       01000
__ptext44                                      text44       01A57
__ptext45                                      text45       01A51
__ptext46                                      text46       01A4B
__ptext47                                      text47       01A6B
__ptext48                                      text48       01AEC
__ptext5                                       text5        000B0
__ptext6                                       text6        01C03
__ptext7                                       text7        01AD4
__ptext8                                       text8        01B9A
__ptext9                                       text9        01197
__size_of_ADC_GetConversion                    (abs)        00000
__size_of_ADC_Initialize                       (abs)        00000
__size_of_EUSART_Initialize                    (abs)        00000
__size_of_EUSART_SetErrorHandler               (abs)        00000
__size_of_EUSART_SetFramingErrorHandler        (abs)        00000
__size_of_EUSART_SetOverrunErrorHandler        (abs)        00000
__size_of_EUSART_Write                         (abs)        00000
__size_of_OSCILLATOR_Initialize                (abs)        00000
__size_of_PIN_MANAGER_Initialize               (abs)        00000
__size_of_PMD_Initialize                       (abs)        00000
__size_of_SYSTEM_Initialize                    (abs)        00000
__size_of_WDT_Initialize                       (abs)        00000
__size_of__Umul8_16                            (abs)        00000
__size_of___aodiv                              (abs)        00000
__size_of___aomod                              (abs)        00000
__size_of___awdiv                              (abs)        00000
__size_of___awmod                              (abs)        00000
__size_of___fladd                              (abs)        00000
__size_of___fldiv                              (abs)        00000
__size_of___fleq                               (abs)        00000
__size_of___flge                               (abs)        00000
__size_of___flmul                              (abs)        00000
__size_of___flneg                              (abs)        00000
__size_of___flsub                              (abs)        00000
__size_of___fltol                              (abs)        00000
__size_of___fpclassifyf                        (abs)        00000
__size_of___wmul                               (abs)        00000
__size_of___xxtofl                             (abs)        00000
__size_of_abs                                  (abs)        00000
__size_of_atoi                                 (abs)        00000
__size_of_dtoa                                 (abs)        00000
__size_of_efgtoa                               (abs)        00000
__size_of_floorf                               (abs)        00000
__size_of_fputc                                (abs)        00000
__size_of_fputs                                (abs)        00000
__size_of_isdigit                              (abs)        00000
__size_of_isspace                              (abs)        00000
__size_of_isupper                              (abs)        00000
__size_of_main                                 (abs)        00000
__size_of_pad                                  (abs)        00000
__size_of_putch                                (abs)        00000
__size_of_putstr                               (abs)        00000
__size_of_sprintf                              (abs)        00000
__size_of_strcpy                               (abs)        00000
__size_of_strlen                               (abs)        00000
__size_of_strncmp                              (abs)        00000
__size_of_tolower                              (abs)        00000
__size_of_vfpfcnvrt                            (abs)        00000
__size_of_vfprintf                             (abs)        00000
_abs                                           text28       01B06
_atoi                                          text31       01F51
_atoi$1046                                     cstackBANK0  00022
_atoi$1047                                     cstackBANK0  00026
_atoi$1048                                     cstackBANK0  00024
_dbuf                                          bssBANK3     001A0
_dtoa                                          text22       014DC
_dtoa$955                                      cstackBANK0  0003B
_efgtoa                                        text5        000B0
_efgtoa$979                                    cstackBANK1  000A0
_efgtoa$980                                    cstackBANK1  000A2
_efgtoa$984                                    cstackBANK1  000A4
_efgtoa$988                                    cstackBANK1  000A6
_efgtoa$989                                    cstackBANK1  000A8
_efgtoa$990                                    cstackBANK1  000AA
_eusartRxLastError                             bssBANK2     0015F
_flags                                         bssBANK1     000EE
_floorf                                        text9        01197
_fputc                                         text26       01D51
_fputs                                         text25       01C28
_isdigit                                       text33       01ABC
_isspace                                       text32       01B79
_isspace$1077                                  cstackCOMMON 00074
_isupper                                       text7        01AD4
_main                                          maintext     01383
_nout                                          bssBANK2     00159
_pad                                           text23       00803
_prec                                          bssBANK1     000EC
_putch                                         text27       00802
_putstr                                        text35       01AA5
_sprintf                                       text1        01C51
_strcpy                                        text8        01B9A
_strlen                                        text24       01B20
_strncmp                                       text4        01DA7
_tolower                                       text6        01C03
_tolower$1141                                  cstackCOMMON 0007C
_tvalTable                                     stringtext1  01800
_vfpfcnvrt                                     text3        00CF2
_vfpfcnvrt$1004                                cstackBANK0  0005F
_vfpfcnvrt$1005                                cstackBANK0  00061
_vfpfcnvrt$1010                                cstackBANK0  00063
_vfprintf                                      text2        01C7B
_width                                         bssBANK2     0015B
abs@a                                          cstackCOMMON 00073
atoi@n                                         cstackBANK0  00027
atoi@neg                                       cstackBANK0  00020
atoi@s                                         cstackCOMMON 00076
btemp                                          (abs)        0007E
clear_ram0                                     clrtext      01A5D
dtoa@d                                         cstackBANK0  00030
dtoa@fp                                        cstackBANK0  0003D
dtoa@i                                         cstackBANK0  0004C
dtoa@n                                         cstackBANK0  00044
dtoa@p                                         cstackBANK0  0003E
dtoa@s                                         cstackBANK0  00042
dtoa@w                                         cstackBANK0  00040
efgtoa@c                                       cstackBANK0  0004A
efgtoa@d                                       cstackBANK1  000B8
efgtoa@e                                       cstackBANK1  000D1
efgtoa@f                                       cstackBANK0  00046
efgtoa@fp                                      cstackBANK1  000BC
efgtoa@g                                       cstackBANK1  000CD
efgtoa@h                                       cstackBANK1  000C3
efgtoa@i                                       cstackBANK1  000CB
efgtoa@l                                       cstackBANK1  000C7
efgtoa@m                                       cstackBANK1  000B2
efgtoa@mode                                    cstackBANK1  000C2
efgtoa@n                                       cstackBANK1  000D3
efgtoa@ne                                      cstackBANK1  000B0
efgtoa@nmode                                   cstackBANK1  000C1
efgtoa@ou                                      cstackBANK1  000B4
efgtoa@p                                       cstackBANK1  000BD
efgtoa@pp                                      cstackBANK1  000AE
efgtoa@sign                                    cstackBANK1  000BA
efgtoa@t                                       cstackBANK1  000AC
efgtoa@u                                       cstackBANK1  000D5
efgtoa@w                                       cstackBANK1  000BF
end_of_initialization                          cinit        007FD
floorf@F527                                    bssBANK2     00151
floorf@e                                       cstackBANK0  0003B
floorf@m                                       cstackBANK0  00037
floorf@u                                       cstackBANK0  0003D
floorf@x                                       cstackBANK0  0002D
fputc@c                                        cstackCOMMON 00070
fputc@fp                                       cstackCOMMON 00072
fputs@c                                        cstackBANK0  00020
fputs@fp                                       cstackCOMMON 00078
fputs@i                                        cstackBANK0  00021
fputs@s                                        cstackBANK0  00023
intlevel0                                      functab      00000
intlevel1                                      functab      00000
intlevel2                                      functab      00000
intlevel3                                      functab      00000
intlevel4                                      functab      00000
intlevel5                                      functab      00000
isdigit@c                                      cstackCOMMON 00070
isspace@c                                      cstackCOMMON 00070
isupper@c                                      cstackCOMMON 00070
main@alc2ppm                                   cstackBANK2  0014B
main@ftotal                                    cstackBANK2  0013F
main@fvrl                                      cstackBANK2  00147
main@i                                         cstackBANK2  0014D
main@n                                         cstackBANK2  0014F
main@s                                         cstackBANK2  00129
main@total                                     cstackBANK2  00143
pad@buf                                        cstackBANK0  00024
pad@fp                                         cstackBANK0  0002B
pad@i                                          cstackBANK0  00027
pad@p                                          cstackBANK0  00025
pad@w                                          cstackBANK0  00029
putstr@p                                       cstackCOMMON 00071
reset_vec                                      reset_vec    00000
sprintf@ap                                     cstackBANK2  00123
sprintf@f                                      cstackBANK2  00124
sprintf@fmt                                    cstackBANK1  000DF
sprintf@s                                      cstackBANK2  00122
start                                          init         00002
start_initialization                           cinit        007E8
strcpy@d                                       cstackCOMMON 00076
strcpy@dest                                    cstackCOMMON 00077
strcpy@s                                       cstackCOMMON 00074
strcpy@src                                     cstackCOMMON 00070
strlen@a                                       cstackCOMMON 00073
strlen@s                                       cstackCOMMON 00074
strncmp@_l                                     cstackCOMMON 00075
strncmp@_r                                     cstackCOMMON 00070
strncmp@l                                      cstackCOMMON 00078
strncmp@n                                      cstackCOMMON 00072
strncmp@r                                      cstackCOMMON 00076
tolower@c                                      cstackCOMMON 00076
vfpfcnvrt@ap                                   cstackBANK0  00050
vfpfcnvrt@c                                    cstackBANK0  0006C
vfpfcnvrt@ct                                   cstackBANK0  00069
vfpfcnvrt@f                                    cstackBANK0  00065
vfpfcnvrt@fmt                                  cstackBANK0  0004F
vfpfcnvrt@fp                                   cstackBANK0  0006D
vfpfcnvrt@ll                                   cstackBANK0  00057
vfprintf@ap                                    cstackBANK1  000DB
vfprintf@cfmt                                  cstackBANK1  000DD
vfprintf@fmt                                   cstackBANK1  000D9
vfprintf@fp                                    cstackBANK1  000DC
wtemp0                                         (abs)        0007E


FUNCTION INFORMATION:

 *************** function _main *****************
 Defined at:
		line 131 in file "main.c"
 Parameters:    Size  Location     Type
		None
 Auto vars:     Size  Location     Type
  i               2   45[BANK2 ] int 
  s              20    9[BANK2 ] unsigned char [20]
  fvrl            4   39[BANK2 ] float 
  total           4   35[BANK2 ] long 
  ftotal          4   31[BANK2 ] float 
  n               2   47[BANK2 ] int 
  alc2ppm         2   43[BANK2 ] unsigned short 
  btn_cnt         2    0        unsigned short 
 Return value:  Size  Location     Type
                  1    wreg      void 
 Registers used:
		wreg, fsr0l, fsr0h, fsr1l, fsr1h, status,2, status,0, pclath, cstack
 Tracked objects:
		On entry : 
		On exit  : 
		Unchanged: 
 Data sizes:     COMMON   BANK0   BANK1   BANK2   BANK3   BANK4   BANK5   BANK6   BANK7   BANK8   BANK9  BANK10  BANK11  BANK12  BANK13  BANK14  BANK15  BANK16  BANK17  BANK18  BANK19  BANK20  BANK21  BANK22  BANK23  BANK24  BANK25
      Params:         0       0       0       0       0       0       0       0       0       0       0       0       0       0       0       0       0       0       0       0       0       0       0       0       0       0       0
      Locals:         0       0       0      40       0       0       0       0       0       0       0       0       0       0       0       0       0       0       0       0       0       0       0       0       0       0       0
      Temps:          0       0       4       0       0       0       0       0       0       0       0       0       0       0       0       0       0       0       0       0       0       0       0       0       0       0       0
      Totals:         0       0       4      40       0       0       0       0       0       0       0       0       0       0       0       0       0       0       0       0       0       0       0       0       0       0       0
Total ram usage:       44 bytes
 Hardware stack levels required when called:    8
 This function calls:
		_ADC_GetConversion
		_SYSTEM_Initialize
		___fldiv
		___flge
		___flmul
		___wmul
		___xxtofl
		_putstr
		_sprintf
 This function is called by:
		Startup code after reset
 This function uses a non-reentrant model


 *************** function _sprintf *****************
 Defined at:
		line 9 in file "C:\Program Files\Microchip\xc8\v2.31\pic\sources\c99\common\nf_sprintf.c"
 Parameters:    Size  Location     Type
  s               1    wreg     PTR unsigned char 
		 -> main@s(20), 
  fmt             2   63[BANK1 ] PTR const unsigned char 
		 -> STR_2(12), 
 Auto vars:     Size  Location     Type
  s               1    2[BANK2 ] PTR unsigned char 
		 -> main@s(20), 
  f               5    4[BANK2 ] struct _IO_FILE
  ret             2    0        int 
[...]
      Params:         0       0       0       0       0       0       0       0       0       0       0       0       0       0       0       0       0       0       0       0       0       0       0       0       0       0       0
      Locals:         0       0       0       0       0       0       0       0       0       0       0       0       0       0       0       0       0       0       0       0       0       0       0       0       0       0       0
      Temps:          0       0       0       0       0       0       0       0       0       0       0       0       0       0       0       0       0       0       0       0       0       0       0       0       0       0       0
      Totals:         0       0       0       0       0       0       0       0       0       0       0       0       0       0       0       0       0       0       0       0       0       0       0       0       0       0       0
Total ram usage:        0 bytes
 Hardware stack levels used:    1
 This function calls:
		Nothing
 This function is called by:
		_SYSTEM_Initialize
 This function uses a non-reentrant model


 *************** function _EUSART_Initialize *****************
 Defined at:
		line 66 in file "mcc_generated_files/eusart.c"
 Parameters:    Size  Location     Type
		None
 Auto vars:     Size  Location     Type
		None
 Return value:  Size  Location     Type
                  1    wreg      void 
 Registers used:
		wreg, status,2, status,0, pclath, cstack
 Tracked objects:
		On entry : 
		On exit  : 
		Unchanged: 
 Data sizes:     COMMON   BANK0   BANK1   BANK2   BANK3   BANK4   BANK5   BANK6   BANK7   BANK8   BANK9  BANK10  BANK11  BANK12  BANK13  BANK14  BANK15  BANK16  BANK17  BANK18  BANK19  BANK20  BANK21  BANK22  BANK23  BANK24  BANK25
      Params:         0       0       0       0       0       0       0       0       0       0       0       0       0       0       0       0       0       0       0       0       0       0       0       0       0       0       0
      Locals:         0       0       0       0       0       0       0       0       0       0       0       0       0       0       0       0       0       0       0       0       0       0       0       0       0       0       0
      Temps:          0       0       0       0       0       0       0       0       0       0       0       0       0       0       0       0       0       0       0       0       0       0       0       0       0       0       0
      Totals:         0       0       0       0       0       0       0       0       0       0       0       0       0       0       0       0       0       0       0       0       0       0       0       0       0       0       0
Total ram usage:        0 bytes
 Hardware stack levels used:    1
 Hardware stack levels required when called:    1
 This function calls:
		_EUSART_SetErrorHandler
		_EUSART_SetFramingErrorHandler
		_EUSART_SetOverrunErrorHandler
 This function is called by:
		_SYSTEM_Initialize
 This function uses a non-reentrant model


 *************** function _EUSART_SetOverrunErrorHandler *****************
 Defined at:
		line 161 in file "mcc_generated_files/eusart.c"
 Parameters:    Size  Location     Type
  interruptHan    2    0[COMMON] PTR FTN()void 
		 -> EUSART_DefaultOverrunErrorHandler(1), 
 Auto vars:     Size  Location     Type
		None
 Return value:  Size  Location     Type
                  1    wreg      void 
 Registers used:
		wreg
 Tracked objects:
		On entry : 
		On exit  : 
		Unchanged: 
 Data sizes:     COMMON   BANK0   BANK1   BANK2   BANK3   BANK4   BANK5   BANK6   BANK7   BANK8   BANK9  BANK10  BANK11  BANK12  BANK13  BANK14  BANK15  BANK16  BANK17  BANK18  BANK19  BANK20  BANK21  BANK22  BANK23  BANK24  BANK25
      Params:         2       0       0       0       0       0       0       0       0       0       0       0       0       0       0       0       0       0       0       0       0       0       0       0       0       0       0
      Locals:         0       0       0       0       0       0       0       0       0       0       0       0       0       0       0       0       0       0       0       0       0       0       0       0       0       0       0
      Temps:          0       0       0       0       0       0       0       0       0       0       0       0       0       0       0       0       0       0       0       0       0       0       0       0       0       0       0
      Totals:         2       0       0       0       0       0       0       0       0       0       0       0       0       0       0       0       0       0       0       0       0       0       0       0       0       0       0
Total ram usage:        2 bytes
 Hardware stack levels used:    1
 This function calls:
		Nothing
 This function is called by:
		_EUSART_Initialize
 This function uses a non-reentrant model


 *************** function _EUSART_SetFramingErrorHandler *****************
 Defined at:
		line 157 in file "mcc_generated_files/eusart.c"
 Parameters:    Size  Location     Type
  interruptHan    2    0[COMMON] PTR FTN()void 
		 -> EUSART_DefaultFramingErrorHandler(1), 
 Auto vars:     Size  Location     Type
		None
 Return value:  Size  Location     Type
                  1    wreg      void 
 Registers used:
		wreg
 Tracked objects:
		On entry : 
		On exit  : 
		Unchanged: 
 Data sizes:     COMMON   BANK0   BANK1   BANK2   BANK3   BANK4   BANK5   BANK6   BANK7   BANK8   BANK9  BANK10  BANK11  BANK12  BANK13  BANK14  BANK15  BANK16  BANK17  BANK18  BANK19  BANK20  BANK21  BANK22  BANK23  BANK24  BANK25
      Params:         2       0       0       0       0       0       0       0       0       0       0       0       0       0       0       0       0       0       0       0       0       0       0       0       0       0       0
      Locals:         0       0       0       0       0       0       0       0       0       0       0       0       0       0       0       0       0       0       0       0       0       0       0       0       0       0       0
      Temps:          0       0       0       0       0       0       0       0       0       0       0       0       0       0       0       0       0       0       0       0       0       0       0       0       0       0       0
      Totals:         2       0       0       0       0       0       0       0       0       0       0       0       0       0       0       0       0       0       0       0       0       0       0       0       0       0       0
Total ram usage:        2 bytes
 Hardware stack levels used:    1
 This function calls:
		Nothing
 This function is called by:
		_EUSART_Initialize
 This function uses a non-reentrant model


 *************** function _EUSART_SetErrorHandler *****************
 Defined at:
		line 165 in file "mcc_generated_files/eusart.c"
 Parameters:    Size  Location     Type
  interruptHan    2    0[COMMON] PTR FTN()void 
		 -> EUSART_DefaultErrorHandler(1), 
 Auto vars:     Size  Location     Type
		None
 Return value:  Size  Location     Type
                  1    wreg      void 
 Registers used:
		wreg
 Tracked objects:
		On entry : 
		On exit  : 
		Unchanged: 
 Data sizes:     COMMON   BANK0   BANK1   BANK2   BANK3   BANK4   BANK5   BANK6   BANK7   BANK8   BANK9  BANK10  BANK11  BANK12  BANK13  BANK14  BANK15  BANK16  BANK17  BANK18  BANK19  BANK20  BANK21  BANK22  BANK23  BANK24  BANK25
      Params:         2       0       0       0       0       0       0       0       0       0       0       0       0       0       0       0       0       0       0       0       0       0       0       0       0       0       0
      Locals:         0       0       0       0       0       0       0       0       0       0       0       0       0       0       0       0       0       0       0       0       0       0       0       0       0       0       0
      Temps:          0       0       0       0       0       0       0       0       0       0       0       0       0       0       0       0       0       0       0       0       0       0       0       0       0       0       0
      Totals:         2       0       0       0       0       0       0       0       0       0       0       0       0       0       0       0       0       0       0       0       0       0       0       0       0       0       0
Total ram usage:        2 bytes
 Hardware stack levels used:    1
 This function calls:
		Nothing
 This function is called by:
		_EUSART_Initialize
 This function uses a non-reentrant model


 *************** function _ADC_Initialize *****************
 Defined at:
		line 67 in file "mcc_generated_files/adc.c"
 Parameters:    Size  Location     Type
		None
 Auto vars:     Size  Location     Type
		None
 Return value:  Size  Location     Type
                  1    wreg      void 
 Registers used:
		wreg, status,2
 Tracked objects:
		On entry : 
		On exit  : 
		Unchanged: 
 Data sizes:     COMMON   BANK0   BANK1   BANK2   BANK3   BANK4   BANK5   BANK6   BANK7   BANK8   BANK9  BANK10  BANK11  BANK12  BANK13  BANK14  BANK15  BANK16  BANK17  BANK18  BANK19  BANK20  BANK21  BANK22  BANK23  BANK24  BANK25
      Params:         0       0       0       0       0       0       0       0       0       0       0       0       0       0       0       0       0       0       0       0       0       0       0       0       0       0       0
      Locals:         0       0       0       0       0       0       0       0       0       0       0       0       0       0       0       0       0       0       0       0       0       0       0       0       0       0       0
      Temps:          0       0       0       0       0       0       0       0       0       0       0       0       0       0       0       0       0       0       0       0       0       0       0       0       0       0       0
      Totals:         0       0       0       0       0       0       0       0       0       0       0       0       0       0       0       0       0       0       0       0       0       0       0       0       0       0       0
Total ram usage:        0 bytes
 Hardware stack levels used:    1
 This function calls:
		Nothing
 This function is called by:
		_SYSTEM_Initialize
 This function uses a non-reentrant model


 *************** function _ADC_GetConversion *****************
 Defined at:
		line 115 in file "mcc_generated_files/adc.c"
 Parameters:    Size  Location     Type
  channel         1    wreg     enum E6327
 Auto vars:     Size  Location     Type
  channel         1    3[COMMON] enum E6327
 Return value:  Size  Location     Type
                  2    0[COMMON] unsigned short 
 Registers used:
		wreg, status,2, status,0
 Tracked objects:
		On entry : 
		On exit  : 
		Unchanged: 
 Data sizes:     COMMON   BANK0   BANK1   BANK2   BANK3   BANK4   BANK5   BANK6   BANK7   BANK8   BANK9  BANK10  BANK11  BANK12  BANK13  BANK14  BANK15  BANK16  BANK17  BANK18  BANK19  BANK20  BANK21  BANK22  BANK23  BANK24  BANK25
      Params:         2       0       0       0       0       0       0       0       0       0       0       0       0       0       0       0       0       0       0       0       0       0       0       0       0       0       0
      Locals:         1       0       0       0       0       0       0       0       0       0       0       0       0       0       0       0       0       0       0       0       0       0       0       0       0       0       0
      Temps:          1       0       0       0       0       0       0       0       0       0       0       0       0       0       0       0       0       0       0       0       0       0       0       0       0       0       0
      Totals:         4       0       0       0       0       0       0       0       0       0       0       0       0       0       0       0       0       0       0       0       0       0       0       0       0       0       0
Total ram usage:        4 bytes
 Hardware stack levels used:    1
 This function calls:
		Nothing
 This function is called by:
		_main
 This function uses a non-reentrant model



MODULE INFORMATION

Module		Function		Class		Link	Load	Size
C:\Program Files\Microchip\xc8\v2.31\pic\sources\c99\common\isdigit.c
		_isdigit       		CODE           	1ABC	0000	24

C:\Program Files\Microchip\xc8\v2.31\pic\sources\c99\common\isdigit.c estimated size: 24

C:\Program Files\Microchip\xc8\v2.31\pic\sources\c99\common\sprcadd.c
		___flsub       		CODE           	1B59	0000	32
		___fladd       		CODE           	085C	0000	575

C:\Program Files\Microchip\xc8\v2.31\pic\sources\c99\common\sprcadd.c estimated size: 607

C:\Program Files\Microchip\xc8\v2.31\pic\sources\c99\common\flneg.c
		___flneg       		CODE           	1A87	0000	11

C:\Program Files\Microchip\xc8\v2.31\pic\sources\c99\common\flneg.c estimated size: 11

C:\Program Files\Microchip\xc8\v2.31\pic\sources\c99\common\putch.c
		_putch         		CODE           	0802	0000	1

C:\Program Files\Microchip\xc8\v2.31\pic\sources\c99\common\putch.c estimated size: 1

C:\Program Files\Microchip\xc8\v2.31\pic\sources\c99\common\nf_fputs.c
		_fputs         		CODE           	1C28	0000	41

C:\Program Files\Microchip\xc8\v2.31\pic\sources\c99\common\nf_fputs.c estimated size: 41

C:\Program Files\Microchip\xc8\v2.31\pic\sources\c99\common\xxtofl.c
		___xxtofl      		CODE           	0004	0000	172

C:\Program Files\Microchip\xc8\v2.31\pic\sources\c99\common\xxtofl.c estimated size: 172

C:\Program Files\Microchip\xc8\v2.31\pic\sources\c99\common\aomod.c
		___aomod       		CODE           	10AD	0000	234

C:\Program Files\Microchip\xc8\v2.31\pic\sources\c99\common\aomod.c estimated size: 234

C:\Program Files\Microchip\xc8\v2.31\pic\sources\c99\common\atoi.c
		_atoi          		CODE           	1F51	0000	175

C:\Program Files\Microchip\xc8\v2.31\pic\sources\c99\common\atoi.c estimated size: 175

C:\Program Files\Microchip\xc8\v2.31\pic\sources\c99\common\fleq.c
		___fleq        		CODE           	1CB0	0000	78

C:\Program Files\Microchip\xc8\v2.31\pic\sources\c99\common\fleq.c estimated size: 78

C:\Program Files\Microchip\xc8\v2.31\pic\sources\c99\common\abs.c
		_abs           		CODE           	1B06	0000	26

C:\Program Files\Microchip\xc8\v2.31\pic\sources\c99\common\abs.c estimated size: 26

C:\Program Files\Microchip\xc8\v2.31\pic\sources\c99\common\strlen.c
		_strlen        		CODE           	1B20	0000	26

C:\Program Files\Microchip\xc8\v2.31\pic\sources\c99\common\strlen.c estimated size: 26

C:\Program Files\Microchip\xc8\v2.31\pic\sources\c99\common\floorf.c
		_floorf        		CODE           	1197	0000	235

C:\Program Files\Microchip\xc8\v2.31\pic\sources\c99\common\floorf.c estimated size: 235

mcc_generated_files/pin_manager.c
		_PIN_MANAGER_Initialize		CODE           	1BDE	0000	37

mcc_generated_files/pin_manager.c estimated size: 37

C:\Program Files\Microchip\xc8\v2.31\pic\sources\c99\common\strcpy.c
		_strcpy        		CODE           	1B9A	0000	33

C:\Program Files\Microchip\xc8\v2.31\pic\sources\c99\common\strcpy.c estimated size: 33

C:\Program Files\Microchip\xc8\v2.31\pic\sources\c99\common\awmod.c
		___awmod       		CODE           	1CFE	0000	83

C:\Program Files\Microchip\xc8\v2.31\pic\sources\c99\common\awmod.c estimated size: 83

mcc_generated_files/adc.c
		_ADC_Initialize		CODE           	1A6B	0000	9
		_ADC_GetConversion		CODE           	1AEC	0000	26

mcc_generated_files/adc.c estimated size: 35

C:\Program Files\Microchip\xc8\v2.31\pic\sources\c99\common\Umul8_16.c
		__Umul8_16     		CODE           	1BBB	0000	35

C:\Program Files\Microchip\xc8\v2.31\pic\sources\c99\common\Umul8_16.c estimated size: 35

C:\Program Files\Microchip\xc8\v2.31\pic\sources\c99\common\isupper.c
		_isupper       		CODE           	1AD4	0000	24

C:\Program Files\Microchip\xc8\v2.31\pic\sources\c99\common\isupper.c estimated size: 24

C:\Program Files\Microchip\xc8\v2.31\pic\sources\c99\common\aodiv.c
		___aodiv       		CODE           	1282	0000	257

C:\Program Files\Microchip\xc8\v2.31\pic\sources\c99\common\aodiv.c estimated size: 257

C:\Program Files\Microchip\xc8\v2.31\pic\sources\c99\common\nf_fputc.c
		_fputc         		CODE           	1D51	0000	86

C:\Program Files\Microchip\xc8\v2.31\pic\sources\c99\common\nf_fputc.c estimated size: 86

shared
		__initialization		CODE           	07E8	0000	21
		_tvalTable     		STRCODE        	1800	0000	336

shared estimated size: 357

mcc_generated_files/mcc.c
		_WDT_Initialize		CODE           	1A47	0000	4
		_PMD_Initialize		CODE           	1A63	0000	8
		_OSCILLATOR_Initialize		CODE           	1A74	0000	9
		_SYSTEM_Initialize		CODE           	1A92	0000	19

mcc_generated_files/mcc.c estimated size: 40

C:\Program Files\Microchip\xc8\v2.31\pic\sources\c99\common\tolower.c
		_tolower       		CODE           	1C03	0000	37

C:\Program Files\Microchip\xc8\v2.31\pic\sources\c99\common\tolower.c estimated size: 37

C:\Program Files\Microchip\xc8\v2.31\pic\sources\c99\common\sprcmul.c
		___flmul       		CODE           	0A9B	0000	599

C:\Program Files\Microchip\xc8\v2.31\pic\sources\c99\common\sprcmul.c estimated size: 599

C:\Program Files\Microchip\xc8\v2.31\pic\sources\c99\common\awdiv.c
		___awdiv       		CODE           	1DFF	0000	95

C:\Program Files\Microchip\xc8\v2.31\pic\sources\c99\common\awdiv.c estimated size: 95

C:\Program Files\Microchip\xc8\v2.31\pic\sources\c99\common\doprnt.c
		_vfpfcnvrt     		CODE           	0CF2	0000	782
		_efgtoa        		CODE           	00B0	0000	1848
		_pad           		CODE           	0803	0000	89
		_dtoa          		CODE           	14DC	0000	368
		_vfprintf      		CODE           	1C7B	0000	53

C:\Program Files\Microchip\xc8\v2.31\pic\sources\c99\common\doprnt.c estimated size: 3140

C:\Program Files\Microchip\xc8\v2.31\pic\sources\c99\common\sprcdiv.c
		___fldiv       		CODE           	164C	0000	436

C:\Program Files\Microchip\xc8\v2.31\pic\sources\c99\common\sprcdiv.c estimated size: 436

C:\Program Files\Microchip\xc8\v2.31\pic\sources\c99\common\fltol.c
		___fltol       		CODE           	1E5E	0000	116

C:\Program Files\Microchip\xc8\v2.31\pic\sources\c99\common\fltol.c estimated size: 116

C:\Program Files\Microchip\xc8\v2.31\pic\sources\c99\common\nf_sprintf.c
		_sprintf       		CODE           	1C51	0000	42

C:\Program Files\Microchip\xc8\v2.31\pic\sources\c99\common\nf_sprintf.c estimated size: 42

C:\Program Files\Microchip\xc8\v2.31\pic\sources\c99\common\__fpclassifyf.c
		___fpclassifyf 		CODE           	1ED2	0000	127

C:\Program Files\Microchip\xc8\v2.31\pic\sources\c99\common\__fpclassifyf.c estimated size: 127

C:\Program Files\Microchip\xc8\v2.31\pic\sources\c99\common\flge.c
		___flge        		CODE           	1022	0000	139

C:\Program Files\Microchip\xc8\v2.31\pic\sources\c99\common\flge.c estimated size: 139

C:\Program Files\Microchip\xc8\v2.31\pic\sources\c99\common\isspace.c
		_isspace       		CODE           	1B79	0000	33

C:\Program Files\Microchip\xc8\v2.31\pic\sources\c99\common\isspace.c estimated size: 33

C:\Program Files\Microchip\xc8\v2.31\pic\sources\c99\common\Umul16.c
		___wmul        		CODE           	1B3A	0000	31

C:\Program Files\Microchip\xc8\v2.31\pic\sources\c99\common\Umul16.c estimated size: 31

mcc_generated_files/eusart.c
		_EUSART_Write  		CODE           	1A7D	0000	10
		_EUSART_Initialize		CODE           	1000	0000	34
		_EUSART_SetFramingErrorHandler		CODE           	1A51	0000	6
		_EUSART_SetErrorHandler		CODE           	1A4B	0000	6
		_EUSART_SetOverrunErrorHandler		CODE           	1A57	0000	6

mcc_generated_files/eusart.c estimated size: 62

main.c
		_main          		CODE           	1383	0000	345
		_putstr        		CODE           	1AA5	0000	23

main.c estimated size: 368

C:\Program Files\Microchip\xc8\v2.31\pic\sources\c99\common\strncmp.c
		_strncmp       		CODE           	1DA7	0000	88

C:\Program Files\Microchip\xc8\v2.31\pic\sources\c99\common\strncmp.c estimated size: 88

